   Ôû▓ Next.js 14.1.0
   - Environments: .env.local, .env

   Creating an optimized production build ...
 Ô£ô Compiled successfully
   Linting and checking validity of types ...
npx : Failed to compile.
At line:1 char:1
+ npx next build > build_output.txt 
2>&1
+ ~~~~~~~~~~~~~~~~~~~~~~~~~~~~~~~~~~
~~~~
    + CategoryInfo          : NotSp 
   ecified: (Failed to compile.:St  
  ring) [], RemoteException
    + FullyQualifiedErrorId : Nativ 
   eCommandError
 

./app/actions/strategy.actions.ts:94
:9
Type error: Object literal may only 
specify known properties, but 'saved
Strategies' does not exist in type '
UserInclude<DefaultArgs>'. Did you m
ean to write 'SavedStrategy'?

[0m [90m 92 |[39m       where[33
m:[39m { clerkUserId }[33m,[39m[
0m
[0m [90m 93 |[39m       include[
33m:[39m {[0m
[0m[31m[1m>[22m[39m[90m 94 |[
39m         savedStrategies[33m:[3
9m {[0m
[0m [90m    |[39m         [31m[
1m^[22m[39m[0m
[0m [90m 95 |[39m           order
By[33m:[39m { createdAt[33m:[39m
 [32m'desc'[39m }[33m,[39m[0m
[0m [90m 96 |[39m         }[33m,
[39m[0m
[0m [90m 97 |[39m       }[33m,[
39m[0m
